[0m10:49:11.416416 [debug] [MainThread]: Sending event: {'category': 'dbt', 'action': 'invocation', 'label': 'start', 'context': [<snowplow_tracker.self_describing_json.SelfDescribingJson object at 0x000001974887D160>, <snowplow_tracker.self_describing_json.SelfDescribingJson object at 0x000001974523ED50>, <snowplow_tracker.self_describing_json.SelfDescribingJson object at 0x00000197492F7390>]}


============================== 10:49:11.420319 | c6651c01-fde4-460b-9904-27f8fd90ab8d ==============================
[0m10:49:11.420319 [info ] [MainThread]: Running with dbt=1.11.8
[0m10:49:11.420863 [debug] [MainThread]: running dbt with arguments {'version_check': 'True', 'no_print': 'None', 'static_parser': 'True', 'warn_error_options': 'WarnErrorOptionsV2(error=[], warn=[], silence=[])', 'target_path': 'None', 'printer_width': '80', 'write_json': 'True', 'empty': 'None', 'log_cache_events': 'False', 'introspect': 'True', 'cache_selected_only': 'False', 'fail_fast': 'False', 'debug': 'False', 'log_format': 'default', 'partial_parse': 'True', 'send_anonymous_usage_stats': 'True', 'quiet': 'False', 'warn_error': 'None', 'profiles_dir': 'C:\\Users\\user\\.dbt', 'use_colors': 'True', 'invocation_command': 'dbt init dbt_ecommerce', 'indirect_selection': 'eager', 'use_experimental_parser': 'False', 'log_path': 'logs'}
[0m10:49:11.462849 [debug] [MainThread]: Starter project path: E:\Data Engineering Projects\Brazilian E-Commerce Project\.venv\Lib\site-packages\dbt\include\starter_project
[0m10:49:11.469529 [info ] [MainThread]: 
Your new dbt project "dbt_ecommerce" was created!

For more information on how to configure the profiles.yml file,
please consult the dbt documentation here:

  https://docs.getdbt.com/docs/configure-your-profile

One more thing:

Need help? Don't hesitate to reach out to us via GitHub issues or on Slack:

  https://community.getdbt.com/

Happy modeling!

[0m10:49:11.469919 [info ] [MainThread]: Setting up your profile.
[0m10:51:06.154668 [info ] [MainThread]: Profile dbt_ecommerce written to C:\Users\user\.dbt\profiles.yml using target's profile_template.yml and your supplied values. Run 'dbt debug' to validate the connection.
[0m10:51:06.155720 [debug] [MainThread]: Command `dbt init` succeeded at 10:51:06.155612 after 114.83 seconds
[0m10:51:06.156008 [debug] [MainThread]: Sending event: {'category': 'dbt', 'action': 'invocation', 'label': 'end', 'context': [<snowplow_tracker.self_describing_json.SelfDescribingJson object at 0x000001974AB216E0>, <snowplow_tracker.self_describing_json.SelfDescribingJson object at 0x000001974AB26330>, <snowplow_tracker.self_describing_json.SelfDescribingJson object at 0x0000019749891D00>]}
[0m10:51:06.156304 [debug] [MainThread]: Flushing usage events
[0m10:51:07.391409 [debug] [MainThread]: An error was encountered while trying to flush usage events
